// Jest Snapshot v1, https://goo.gl/fbAQLP

exports[`testing Video render without id 1`] = `""`;

exports[`testing Video renders video with id 1`] = `
<div
  className="video-container"
>
  <div
    className="video"
  >
    <iframe
      allow="autoplay; encrypted-media"
      allowFullScreen={true}
      className="video-player"
      frameBorder="0"
      src="https://www.youtube.com/embed/123456"
      title="Video"
    />
  </div>
</div>
`;
